debug 2026/04/21 00:49:19 [SYS] Initializing TUI Session
debug 2026/04/21 00:49:25 [STATE] Transition to Search: Mode Video
debug 2026/04/21 00:56:32 [SYS] Initializing TUI Session
debug 2026/04/21 00:56:33 [STATE] Transition to Search: Mode Audio
debug 2026/04/21 01:00:55 [SYS] Initializing TUI Session
debug 2026/04/21 01:00:56 [STATE] Transition to Search: Mode Video
debug 2026/04/21 01:01:03 [ERROR] Kitten icat failed: exit status 1
debug 2026/04/21 01:01:04 [ERROR] Kitten icat failed: exit status 1
debug 2026/04/21 01:01:04 [ERROR] Kitten icat failed: exit status 1
debug 2026/04/21 01:01:04 [ERROR] Kitten icat failed: exit status 1
debug 2026/04/21 01:01:05 [ERROR] Kitten icat failed: exit status 1
debug 2026/04/21 01:01:05 [ERROR] Kitten icat failed: exit status 1
debug 2026/04/21 01:01:05 [ERROR] Kitten icat failed: exit status 1
debug 2026/04/21 01:01:05 [ERROR] Kitten icat failed: exit status 1
debug 2026/04/21 01:01:06 [ERROR] Kitten icat failed: exit status 1
debug 2026/04/21 01:01:06 [ERROR] Kitten icat failed: exit status 1
debug 2026/04/21 01:01:06 [ERROR] Kitten icat failed: exit status 1
debug 2026/04/21 01:01:06 [ERROR] Kitten icat failed: exit status 1
debug 2026/04/21 01:01:07 [ERROR] Kitten icat failed: exit status 1
debug 2026/04/21 01:01:07 [ERROR] Kitten icat failed: exit status 1
debug 2026/04/21 01:01:07 [ERROR] Kitten icat failed: exit status 1
debug 2026/04/21 01:01:50 [SYS] Initializing TUI Session
debug 2026/04/21 01:01:51 [STATE] Transition to Search: Mode Video
debug 2026/04/21 01:01:53 [ERROR] Kitten icat failed: exit status 1
debug 2026/04/21 01:01:53 [ERROR] Kitten icat failed: exit status 1
debug 2026/04/21 01:01:53 [ERROR] Kitten icat failed: exit status 1
debug 2026/04/21 01:01:53 [ERROR] Kitten icat failed: exit status 1
debug 2026/04/21 01:01:54 [ERROR] Kitten icat failed: exit status 1
debug 2026/04/21 01:01:54 [ERROR] Kitten icat failed: exit status 1
debug 2026/04/21 01:01:54 [ERROR] Kitten icat failed: exit status 1
debug 2026/04/21 01:01:54 [ERROR] Kitten icat failed: exit status 1
debug 2026/04/21 01:01:54 [ERROR] Kitten icat failed: exit status 1
debug 2026/04/21 01:01:55 [ERROR] Kitten icat failed: exit status 1
debug 2026/04/21 01:01:55 [ERROR] Kitten icat failed: exit status 1
debug 2026/04/21 01:01:55 [ERROR] Kitten icat failed: exit status 1
debug 2026/04/21 01:01:55 [ERROR] Kitten icat failed: exit status 1
debug 2026/04/21 01:01:56 [ERROR] Kitten icat failed: exit status 1
debug 2026/04/21 01:01:56 [ERROR] Kitten icat failed: exit status 1
debug 2026/04/21 01:01:56 [ERROR] Kitten icat failed: exit status 1
debug 2026/04/21 01:02:06 [SYS] Initializing TUI Session
debug 2026/04/21 01:02:07 [STATE] Transition to Search: Mode Video
debug 2026/04/21 01:02:08 [ERROR] Kitten icat failed: exit status 1
debug 2026/04/21 01:02:08 [ERROR] Kitten icat failed: exit status 1
debug 2026/04/21 01:02:08 [ERROR] Kitten icat failed: exit status 1
debug 2026/04/21 01:02:09 [ERROR] Kitten icat failed: exit status 1
debug 2026/04/21 01:02:09 [ERROR] Kitten icat failed: exit status 1
debug 2026/04/21 01:02:09 [ERROR] Kitten icat failed: exit status 1
debug 2026/04/21 01:02:09 [ERROR] Kitten icat failed: exit status 1
debug 2026/04/21 01:02:09 [ERROR] Kitten icat failed: exit status 1
debug 2026/04/21 01:02:19 [SYS] Initializing TUI Session
debug 2026/04/21 01:02:20 [STATE] Transition to Search: Mode Video
debug 2026/04/21 01:02:21 [ERROR] Kitten icat failed: exit status 1
debug 2026/04/21 01:02:21 [ERROR] Kitten icat failed: exit status 1
debug 2026/04/21 01:02:21 [ERROR] Kitten icat failed: exit status 1
debug 2026/04/21 01:02:21 [ERROR] Kitten icat failed: exit status 1
debug 2026/04/21 01:02:21 [ERROR] Kitten icat failed: exit status 1
debug 2026/04/21 01:02:22 [ERROR] Kitten icat failed: exit status 1
debug 2026/04/21 01:02:22 [ERROR] Kitten icat failed: exit status 1
debug 2026/04/21 01:02:22 [ERROR] Kitten icat failed: exit status 1
debug 2026/04/21 01:02:32 [SYS] Initializing TUI Session
debug 2026/04/21 01:02:44 [SYS] Initializing TUI Session
debug 2026/04/21 01:02:46 [STATE] Transition to Search: Mode Video
debug 2026/04/21 01:02:47 [ERROR] Kitten icat failed: exit status 1
debug 2026/04/21 01:02:47 [ERROR] Kitten icat failed: exit status 1
debug 2026/04/21 01:02:47 [ERROR] Kitten icat failed: exit status 1
debug 2026/04/21 01:02:48 [ERROR] Kitten icat failed: exit status 1
debug 2026/04/21 01:02:48 [ERROR] Kitten icat failed: exit status 1
debug 2026/04/21 01:02:48 [ERROR] Kitten icat failed: exit status 1
debug 2026/04/21 01:02:48 [ERROR] Kitten icat failed: exit status 1
debug 2026/04/21 01:02:48 [ERROR] Kitten icat failed: exit status 1
debug 2026/04/21 01:02:50 [SYS] Initializing TUI Session
debug 2026/04/21 01:03:02 [STATE] Transition to Search: Mode Video
debug 2026/04/21 01:03:02 [ERROR] Kitten icat failed: exit status 1
debug 2026/04/21 01:03:02 [ERROR] Kitten icat failed: exit status 1
debug 2026/04/21 01:03:03 [ERROR] Kitten icat failed: exit status 1
debug 2026/04/21 01:03:03 [ERROR] Kitten icat failed: exit status 1
debug 2026/04/21 01:03:03 [ERROR] Kitten icat failed: exit status 1
debug 2026/04/21 01:03:03 [ERROR] Kitten icat failed: exit status 1
debug 2026/04/21 01:03:07 [SYS] Initializing TUI Session
debug 2026/04/21 01:03:08 [STATE] Transition to Search: Mode Video
debug 2026/04/21 01:03:08 [ERROR] Kitten icat failed: exit status 1
debug 2026/04/21 01:03:08 [ERROR] Kitten icat failed: exit status 1
debug 2026/04/21 01:03:08 [ERROR] Kitten icat failed: exit status 1
debug 2026/04/21 01:03:09 [ERROR] Kitten icat failed: exit status 1
debug 2026/04/21 01:03:09 [ERROR] Kitten icat failed: exit status 1
debug 2026/04/21 01:03:09 [ERROR] Kitten icat failed: exit status 1
debug 2026/04/21 01:03:09 [ERROR] Kitten icat failed: exit status 1
debug 2026/04/21 01:03:09 [ERROR] Kitten icat failed: exit status 1
debug 2026/04/21 01:04:15 [SYS] Initializing TUI Session
debug 2026/04/21 01:04:27 [STATE] Transition to Search: Mode Video
debug 2026/04/21 01:04:40 [SYS] Initializing TUI Session
debug 2026/04/21 01:04:41 [STATE] Transition to Search: Mode Video
debug 2026/04/21 01:10:41 [SYS] Initializing TUI Session
debug 2026/04/21 01:10:53 [STATE] Transition to Search: Mode Video
debug 2026/04/21 01:26:18 [SYS] Initializing TUI Session
debug 2026/04/21 01:26:19 [STATE] Transition to Search: Mode Video
debug 2026/04/21 01:38:27 [SYS] Initializing TUI Session
debug 2026/04/21 01:38:28 [STATE] Transition to Search: Mode Video
debug 2026/04/21 01:38:44 [SYS] Initializing TUI Session
debug 2026/04/21 01:38:50 [STATE] Transition to Search: Mode Video
debug 2026/04/21 01:44:39 [SYS] Initializing TUI Session
debug 2026/04/21 01:44:40 [STATE] Transition to Search: Mode Video
debug 2026/04/21 01:52:47 [SYS] Initializing TUI Session
debug 2026/04/21 01:52:48 [STATE] Transition to Search: Mode Video
debug 2026/04/24 17:43:16 [SYS] Initializing TUI Session
debug 2026/04/24 17:43:20 [STATE] Transition to Search: Mode Audio
debug 2026/04/24 17:43:55 [KITTEN] File not found: /tmp/music_preview.jpg
debug 2026/04/24 17:43:59 [KITTEN] File not found: /tmp/music_preview.jpg
debug 2026/04/24 17:44:04 [SYS] Initializing TUI Session
debug 2026/04/24 17:44:06 [STATE] Transition to Search: Mode Audio
debug 2026/04/24 17:44:14 [SYS] Initializing TUI Session
debug 2026/04/24 17:44:15 [STATE] Transition to Search: Mode Video
debug 2026/04/24 18:15:59 [SYS] Initializing TUI Session
debug 2026/04/24 18:16:14 [KITTEN] File not found: /tmp/music_preview.jpg
debug 2026/04/24 18:16:14 [KITTEN] File not found: /tmp/music_preview.jpg
debug 2026/04/24 18:16:14 [KITTEN] File not found: /tmp/music_preview.jpg
debug 2026/04/24 18:16:14 [KITTEN] File not found: /tmp/music_preview.jpg
debug 2026/04/24 18:16:15 [KITTEN] File not found: /tmp/music_preview.jpg
debug 2026/04/24 18:16:15 [KITTEN] File not found: /tmp/music_preview.jpg
debug 2026/04/24 18:16:30 [KITTEN] File not found: /tmp/music_preview.jpg
debug 2026/04/24 18:16:30 [KITTEN] File not found: /tmp/music_preview.jpg
debug 2026/04/24 18:16:30 [KITTEN] File not found: /tmp/music_preview.jpg
debug 2026/04/24 18:16:30 [KITTEN] File not found: /tmp/music_preview.jpg
debug 2026/04/24 18:16:31 [KITTEN] File not found: /tmp/music_preview.jpg
debug 2026/04/24 18:16:31 [KITTEN] File not found: /tmp/music_preview.jpg
debug 2026/04/24 18:16:31 [KITTEN] File not found: /tmp/music_preview.jpg
debug 2026/04/24 18:16:31 [KITTEN] File not found: /tmp/music_preview.jpg
debug 2026/04/24 18:16:35 [KITTEN] File not found: /tmp/music_preview.jpg
debug 2026/04/24 18:16:35 [KITTEN] File not found: /tmp/music_preview.jpg
debug 2026/04/24 18:16:36 [KITTEN] File not found: /tmp/music_preview.jpg
debug 2026/04/24 18:16:36 [KITTEN] File not found: /tmp/music_preview.jpg
debug 2026/04/24 18:16:36 [KITTEN] File not found: /tmp/music_preview.jpg
debug 2026/04/24 18:16:36 [KITTEN] File not found: /tmp/music_preview.jpg
debug 2026/04/24 18:16:37 [KITTEN] File not found: /tmp/music_preview.jpg
debug 2026/04/24 18:16:37 [KITTEN] File not found: /tmp/music_preview.jpg
debug 2026/04/24 18:16:37 [KITTEN] File not found: /tmp/music_preview.jpg
debug 2026/04/24 18:16:39 [KITTEN] File not found: /tmp/music_preview.jpg
debug 2026/04/24 18:16:44 [KITTEN] File not found: /tmp/music_preview.jpg
debug 2026/04/24 18:16:44 [KITTEN] File not found: /tmp/music_preview.jpg
debug 2026/04/24 18:16:44 [KITTEN] File not found: /tmp/music_preview.jpg
debug 2026/04/24 18:16:44 [KITTEN] File not found: /tmp/music_preview.jpg
debug 2026/04/24 18:16:45 [KITTEN] File not found: /tmp/music_preview.jpg
debug 2026/04/24 18:16:45 [KITTEN] File not found: /tmp/music_preview.jpg
debug 2026/04/24 18:16:46 [KITTEN] File not found: /tmp/music_preview.jpg
debug 2026/04/24 18:16:46 [KITTEN] File not found: /tmp/music_preview.jpg
debug 2026/04/24 18:16:46 [KITTEN] File not found: /tmp/music_preview.jpg
debug 2026/04/24 18:16:47 [KITTEN] File not found: /tmp/music_preview.jpg
debug 2026/04/24 18:16:47 [KITTEN] File not found: /tmp/music_preview.jpg
debug 2026/04/24 18:16:48 [INFO] Download complete
debug 2026/04/24 18:24:34 [SYS] Initializing TUI Session
debug 2026/04/24 18:26:57 [SYS] Initializing TUI Session
debug 2026/04/24 18:27:33 [KITTEN] File not found: /tmp/music_preview.jpg
debug 2026/04/24 18:27:45 [KITTEN] File not found: /tmp/music_preview.jpg
debug 2026/04/24 18:30:04 [SYS] Initializing TUI Session
debug 2026/04/24 18:30:24 [KITTEN] File not found: /tmp/music_preview.jpg
debug 2026/04/24 18:30:24 [KITTEN] File not found: /tmp/music_preview.jpg
debug 2026/04/24 18:30:24 [KITTEN] File not found: /tmp/music_preview.jpg
debug 2026/04/24 18:30:24 [KITTEN] File not found: /tmp/music_preview.jpg
debug 2026/04/24 18:30:25 [KITTEN] File not found: /tmp/music_preview.jpg
debug 2026/04/24 18:30:25 [KITTEN] File not found: /tmp/music_preview.jpg
debug 2026/04/24 18:30:26 [KITTEN] File not found: /tmp/music_preview.jpg
debug 2026/04/24 18:30:26 [KITTEN] File not found: /tmp/music_preview.jpg
debug 2026/04/24 18:30:26 [KITTEN] File not found: /tmp/music_preview.jpg
debug 2026/04/24 18:30:35 [KITTEN] File not found: /tmp/music_preview.jpg
debug 2026/04/24 18:30:35 [KITTEN] File not found: /tmp/music_preview.jpg
debug 2026/04/24 18:30:36 [KITTEN] File not found: /tmp/music_preview.jpg
debug 2026/04/24 18:30:36 [KITTEN] File not found: /tmp/music_preview.jpg
debug 2026/04/24 18:30:36 [KITTEN] File not found: /tmp/music_preview.jpg
debug 2026/04/24 18:30:36 [KITTEN] File not found: /tmp/music_preview.jpg
debug 2026/04/24 18:30:36 [KITTEN] File not found: /tmp/music_preview.jpg
debug 2026/04/24 18:30:37 [KITTEN] File not found: /tmp/music_preview.jpg
debug 2026/04/24 18:30:37 [KITTEN] File not found: /tmp/music_preview.jpg
debug 2026/04/24 18:30:37 [KITTEN] File not found: /tmp/music_preview.jpg
debug 2026/04/24 18:30:37 [KITTEN] File not found: /tmp/music_preview.jpg
debug 2026/04/24 18:30:38 [KITTEN] File not found: /tmp/music_preview.jpg
debug 2026/04/24 18:30:38 [KITTEN] File not found: /tmp/music_preview.jpg
debug 2026/04/24 18:30:39 [KITTEN] File not found: /tmp/music_preview.jpg
debug 2026/04/24 18:30:39 [KITTEN] File not found: /tmp/music_preview.jpg
debug 2026/04/24 18:30:39 [KITTEN] File not found: /tmp/music_preview.jpg
debug 2026/04/24 18:30:40 [KITTEN] File not found: /tmp/music_preview.jpg
debug 2026/04/24 18:30:40 [KITTEN] File not found: /tmp/music_preview.jpg
debug 2026/04/24 18:30:41 [KITTEN] File not found: /tmp/music_preview.jpg
debug 2026/04/24 18:30:41 [KITTEN] File not found: /tmp/music_preview.jpg
debug 2026/04/24 18:30:41 [KITTEN] File not found: /tmp/music_preview.jpg
debug 2026/04/24 18:30:42 [KITTEN] File not found: /tmp/music_preview.jpg
debug 2026/04/24 18:30:42 [KITTEN] File not found: /tmp/music_preview.jpg
debug 2026/04/24 18:30:45 [KITTEN] File not found: /tmp/music_preview.jpg
debug 2026/04/24 18:30:45 [KITTEN] File not found: /tmp/music_preview.jpg
debug 2026/04/24 18:30:45 [KITTEN] File not found: /tmp/music_preview.jpg
debug 2026/04/24 18:30:45 [KITTEN] File not found: /tmp/music_preview.jpg
debug 2026/04/24 18:30:45 [KITTEN] File not found: /tmp/music_preview.jpg
debug 2026/04/24 18:30:46 [KITTEN] File not found: /tmp/music_preview.jpg
debug 2026/04/24 18:30:46 [KITTEN] File not found: /tmp/music_preview.jpg
debug 2026/04/24 18:30:47 [KITTEN] File not found: /tmp/music_preview.jpg
debug 2026/04/24 18:30:47 [KITTEN] File not found: /tmp/music_preview.jpg
debug 2026/04/24 18:30:47 [KITTEN] File not found: /tmp/music_preview.jpg
debug 2026/04/24 18:30:47 [KITTEN] File not found: /tmp/music_preview.jpg
debug 2026/04/24 18:30:47 [KITTEN] File not found: /tmp/music_preview.jpg
debug 2026/04/24 18:30:48 [KITTEN] File not found: /tmp/music_preview.jpg
debug 2026/04/24 18:30:48 [KITTEN] File not found: /tmp/music_preview.jpg
debug 2026/04/24 18:30:49 [KITTEN] File not found: /tmp/music_preview.jpg
debug 2026/04/24 18:30:49 [KITTEN] File not found: /tmp/music_preview.jpg
debug 2026/04/24 18:30:49 [KITTEN] File not found: /tmp/music_preview.jpg
debug 2026/04/24 18:30:49 [KITTEN] File not found: /tmp/music_preview.jpg
debug 2026/04/24 18:30:50 [KITTEN] File not found: /tmp/music_preview.jpg
debug 2026/04/24 18:30:50 [KITTEN] File not found: /tmp/music_preview.jpg
debug 2026/04/24 18:30:50 [KITTEN] File not found: /tmp/music_preview.jpg
debug 2026/04/24 18:30:51 [KITTEN] File not found: /tmp/music_preview.jpg
debug 2026/04/24 18:30:51 [KITTEN] File not found: /tmp/music_preview.jpg
debug 2026/04/24 18:30:51 [KITTEN] File not found: /tmp/music_preview.jpg
debug 2026/04/24 18:30:52 [KITTEN] File not found: /tmp/music_preview.jpg
debug 2026/04/24 18:30:52 [KITTEN] File not found: /tmp/music_preview.jpg
debug 2026/04/24 18:30:52 [KITTEN] File not found: /tmp/music_preview.jpg
debug 2026/04/24 18:30:52 [KITTEN] File not found: /tmp/music_preview.jpg
debug 2026/04/24 18:30:53 [KITTEN] File not found: /tmp/music_preview.jpg
debug 2026/04/24 18:30:53 [KITTEN] File not found: /tmp/music_preview.jpg
debug 2026/04/24 18:30:53 [KITTEN] File not found: /tmp/music_preview.jpg
debug 2026/04/24 18:30:54 [KITTEN] File not found: /tmp/music_preview.jpg
debug 2026/04/24 18:30:54 [KITTEN] File not found: /tmp/music_preview.jpg
debug 2026/04/24 18:30:54 [KITTEN] File not found: /tmp/music_preview.jpg
debug 2026/04/24 18:30:54 [KITTEN] File not found: /tmp/music_preview.jpg
debug 2026/04/24 18:30:54 [KITTEN] File not found: /tmp/music_preview.jpg
debug 2026/04/24 18:30:55 [KITTEN] File not found: /tmp/music_preview.jpg
debug 2026/04/24 18:31:36 [SYS] Initializing TUI Session
debug 2026/04/24 18:32:26 [SYS] Initializing TUI Session
debug 2026/04/24 18:32:46 [KITTEN] File not found: /tmp/music_preview.jpg
debug 2026/04/24 18:32:46 [KITTEN] File not found: /tmp/music_preview.jpg
debug 2026/04/24 18:32:46 [KITTEN] File not found: /tmp/music_preview.jpg
debug 2026/04/24 18:32:46 [KITTEN] File not found: /tmp/music_preview.jpg
debug 2026/04/24 18:32:47 [KITTEN] File not found: /tmp/music_preview.jpg
debug 2026/04/24 18:32:47 [KITTEN] File not found: /tmp/music_preview.jpg
debug 2026/04/24 18:32:49 [KITTEN] File not found: /tmp/music_preview.jpg
debug 2026/04/24 18:32:50 [KITTEN] File not found: /tmp/music_preview.jpg
debug 2026/04/24 18:32:50 [KITTEN] File not found: /tmp/music_preview.jpg
debug 2026/04/24 18:32:50 [KITTEN] File not found: /tmp/music_preview.jpg
debug 2026/04/24 18:32:53 [KITTEN] File not found: /tmp/music_preview.jpg
debug 2026/04/24 18:32:53 [KITTEN] File not found: /tmp/music_preview.jpg
debug 2026/04/24 18:32:53 [KITTEN] File not found: /tmp/music_preview.jpg
debug 2026/04/24 18:32:53 [KITTEN] File not found: /tmp/music_preview.jpg
debug 2026/04/24 18:32:54 [KITTEN] File not found: /tmp/music_preview.jpg
debug 2026/04/24 18:32:54 [KITTEN] File not found: /tmp/music_preview.jpg
debug 2026/04/24 18:32:54 [KITTEN] File not found: /tmp/music_preview.jpg
debug 2026/04/24 18:32:55 [KITTEN] File not found: /tmp/music_preview.jpg
debug 2026/04/24 18:32:55 [KITTEN] File not found: /tmp/music_preview.jpg
debug 2026/04/24 18:32:55 [KITTEN] File not found: /tmp/music_preview.jpg
debug 2026/04/24 18:32:55 [KITTEN] File not found: /tmp/music_preview.jpg
debug 2026/04/24 18:32:55 [KITTEN] File not found: /tmp/music_preview.jpg
debug 2026/04/24 18:32:56 [KITTEN] File not found: /tmp/music_preview.jpg
debug 2026/04/24 18:32:56 [KITTEN] File not found: /tmp/music_preview.jpg
debug 2026/04/24 18:32:56 [KITTEN] File not found: /tmp/music_preview.jpg
debug 2026/04/24 18:32:56 [KITTEN] File not found: /tmp/music_preview.jpg
debug 2026/04/24 18:32:56 [KITTEN] File not found: /tmp/music_preview.jpg
debug 2026/04/24 18:32:57 [KITTEN] File not found: /tmp/music_preview.jpg
debug 2026/04/24 18:32:57 [KITTEN] File not found: /tmp/music_preview.jpg
debug 2026/04/24 18:32:57 [KITTEN] File not found: /tmp/music_preview.jpg
debug 2026/04/24 18:32:57 [KITTEN] File not found: /tmp/music_preview.jpg
debug 2026/04/24 18:32:58 [KITTEN] File not found: /tmp/music_preview.jpg
debug 2026/04/24 18:32:58 [KITTEN] File not found: /tmp/music_preview.jpg
debug 2026/04/24 18:32:59 [KITTEN] File not found: /tmp/music_preview.jpg
debug 2026/04/24 18:32:59 [KITTEN] File not found: /tmp/music_preview.jpg
debug 2026/04/24 18:33:00 [KITTEN] File not found: /tmp/music_preview.jpg
debug 2026/04/24 18:33:00 [KITTEN] File not found: /tmp/music_preview.jpg
debug 2026/04/24 18:33:01 [KITTEN] File not found: /tmp/music_preview.jpg
debug 2026/04/24 18:33:01 [KITTEN] File not found: /tmp/music_preview.jpg
debug 2026/04/24 18:33:01 [KITTEN] File not found: /tmp/music_preview.jpg
debug 2026/04/24 18:38:50 [SYS] Initializing TUI Session
debug 2026/04/24 18:39:01 [KITTEN] File not found: /tmp/music_preview.jpg
debug 2026/04/24 18:39:02 [KITTEN] File not found: /tmp/music_preview.jpg
debug 2026/04/24 18:39:03 [KITTEN] File not found: /tmp/music_preview.jpg
debug 2026/04/24 18:39:05 [KITTEN] File not found: /tmp/music_preview.jpg
debug 2026/04/24 18:39:05 [KITTEN] File not found: /tmp/music_preview.jpg
debug 2026/04/24 18:39:08 [KITTEN] File not found: /tmp/music_preview.jpg
debug 2026/04/24 18:39:08 [KITTEN] File not found: /tmp/music_preview.jpg
debug 2026/04/24 18:39:08 [KITTEN] File not found: /tmp/music_preview.jpg
debug 2026/04/24 18:39:09 [KITTEN] File not found: /tmp/music_preview.jpg
debug 2026/04/24 18:39:09 [KITTEN] File not found: /tmp/music_preview.jpg
debug 2026/04/24 18:39:10 [KITTEN] File not found: /tmp/music_preview.jpg
debug 2026/04/24 18:39:10 [KITTEN] File not found: /tmp/music_preview.jpg
debug 2026/04/24 18:39:11 [KITTEN] File not found: /tmp/music_preview.jpg
debug 2026/04/24 18:39:45 [KITTEN] File not found: /tmp/music_preview.jpg
debug 2026/04/24 18:39:47 [KITTEN] File not found: /tmp/music_preview.jpg
debug 2026/04/24 18:39:47 [KITTEN] File not found: /tmp/music_preview.jpg
debug 2026/04/24 18:39:48 [KITTEN] File not found: /tmp/music_preview.jpg
debug 2026/04/24 18:39:48 [KITTEN] File not found: /tmp/music_preview.jpg
debug 2026/04/24 18:39:48 [KITTEN] File not found: /tmp/music_preview.jpg
debug 2026/04/24 18:39:48 [KITTEN] File not found: /tmp/music_preview.jpg
debug 2026/04/24 18:39:50 [KITTEN] File not found: /tmp/music_preview.jpg
debug 2026/04/24 18:39:50 [KITTEN] File not found: /tmp/music_preview.jpg
debug 2026/04/24 18:39:51 [KITTEN] File not found: /tmp/music_preview.jpg
debug 2026/04/24 18:39:51 [KITTEN] File not found: /tmp/music_preview.jpg
debug 2026/04/24 18:39:51 [KITTEN] File not found: /tmp/music_preview.jpg
debug 2026/04/24 18:39:51 [KITTEN] File not found: /tmp/music_preview.jpg
debug 2026/04/24 18:39:53 [KITTEN] File not found: /tmp/music_preview.jpg
debug 2026/04/24 18:39:54 [KITTEN] File not found: /tmp/music_preview.jpg
debug 2026/04/24 18:39:56 [KITTEN] File not found: /tmp/music_preview.jpg
debug 2026/04/24 18:40:02 [KITTEN] File not found: /tmp/music_preview.jpg
debug 2026/04/24 18:45:56 [SYS] Initializing TUI Session
debug 2026/04/24 18:46:08 [KITTEN] File not found: /tmp/music_preview.jpg
debug 2026/04/24 18:46:09 [KITTEN] File not found: /tmp/music_preview.jpg
debug 2026/04/24 18:46:09 [KITTEN] File not found: /tmp/music_preview.jpg
debug 2026/04/24 18:46:10 [KITTEN] File not found: /tmp/music_preview.jpg
debug 2026/04/24 18:46:10 [KITTEN] File not found: /tmp/music_preview.jpg
debug 2026/04/24 18:46:10 [KITTEN] File not found: /tmp/music_preview.jpg
debug 2026/04/24 18:46:10 [KITTEN] File not found: /tmp/music_preview.jpg
debug 2026/04/24 18:46:10 [KITTEN] File not found: /tmp/music_preview.jpg
debug 2026/04/24 18:46:11 [KITTEN] File not found: /tmp/music_preview.jpg
debug 2026/04/24 18:46:11 [KITTEN] File not found: /tmp/music_preview.jpg
debug 2026/04/24 18:46:12 [KITTEN] File not found: /tmp/music_preview.jpg
debug 2026/04/24 18:46:12 [KITTEN] File not found: /tmp/music_preview.jpg
debug 2026/04/24 18:46:12 [KITTEN] File not found: /tmp/music_preview.jpg
debug 2026/04/24 18:46:12 [KITTEN] File not found: /tmp/music_preview.jpg
debug 2026/04/24 19:39:54 [SYS] Initializing TUI Session
debug 2026/04/24 19:40:04 [KITTEN] File not found: /tmp/music_preview.jpg
debug 2026/04/24 19:40:05 [KITTEN] File not found: /tmp/music_preview.jpg
debug 2026/04/24 19:40:05 [KITTEN] File not found: /tmp/music_preview.jpg
debug 2026/04/24 19:40:06 [KITTEN] File not found: /tmp/music_preview.jpg
debug 2026/04/24 19:40:07 [KITTEN] File not found: /tmp/music_preview.jpg
debug 2026/04/24 19:40:08 [KITTEN] File not found: /tmp/music_preview.jpg
debug 2026/04/24 19:40:09 [KITTEN] File not found: /tmp/music_preview.jpg
debug 2026/04/24 19:40:10 [KITTEN] File not found: /tmp/music_preview.jpg
debug 2026/04/24 19:40:10 [KITTEN] File not found: /tmp/music_preview.jpg
debug 2026/04/24 19:40:10 [KITTEN] File not found: /tmp/music_preview.jpg
debug 2026/04/24 19:40:11 [KITTEN] File not found: /tmp/music_preview.jpg
debug 2026/04/24 19:40:12 [KITTEN] File not found: /tmp/music_preview.jpg
debug 2026/04/24 19:40:13 [KITTEN] File not found: /tmp/music_preview.jpg
debug 2026/04/24 19:40:13 [KITTEN] File not found: /tmp/music_preview.jpg
debug 2026/04/24 19:40:18 [KITTEN] File not found: /tmp/music_preview.jpg
debug 2026/04/24 19:40:19 [KITTEN] File not found: /tmp/music_preview.jpg
debug 2026/04/24 19:40:21 [KITTEN] File not found: /tmp/music_preview.jpg
debug 2026/04/24 19:40:22 [KITTEN] File not found: /tmp/music_preview.jpg
debug 2026/04/24 19:40:22 [KITTEN] File not found: /tmp/music_preview.jpg
debug 2026/04/24 19:40:22 [KITTEN] File not found: /tmp/music_preview.jpg
debug 2026/04/24 19:40:22 [KITTEN] File not found: /tmp/music_preview.jpg
debug 2026/04/24 19:40:22 [KITTEN] File not found: /tmp/music_preview.jpg
debug 2026/04/24 19:40:23 [KITTEN] File not found: /tmp/music_preview.jpg
debug 2026/04/24 19:40:23 [KITTEN] File not found: /tmp/music_preview.jpg
debug 2026/04/24 19:40:24 [KITTEN] File not found: /tmp/music_preview.jpg
debug 2026/04/24 19:40:24 [KITTEN] File not found: /tmp/music_preview.jpg
debug 2026/04/24 19:40:25 [KITTEN] File not found: /tmp/music_preview.jpg
debug 2026/04/24 19:40:25 [KITTEN] File not found: /tmp/music_preview.jpg
debug 2026/04/24 19:40:25 [KITTEN] File not found: /tmp/music_preview.jpg
debug 2026/04/24 19:40:25 [KITTEN] File not found: /tmp/music_preview.jpg
debug 2026/04/24 19:40:25 [KITTEN] File not found: /tmp/music_preview.jpg
debug 2026/04/24 19:40:26 [KITTEN] File not found: /tmp/music_preview.jpg
debug 2026/04/24 19:40:26 [KITTEN] File not found: /tmp/music_preview.jpg
debug 2026/04/24 19:40:26 [KITTEN] File not found: /tmp/music_preview.jpg
debug 2026/04/24 19:40:26 [KITTEN] File not found: /tmp/music_preview.jpg
debug 2026/04/24 19:40:27 [KITTEN] File not found: /tmp/music_preview.jpg
debug 2026/04/24 20:06:13 [SYS] Initializing TUI Session
debug 2026/04/24 20:06:22 [KITTEN] File not found: /tmp/music_preview.jpg
debug 2026/04/24 20:06:22 [KITTEN] File not found: /tmp/music_preview.jpg
debug 2026/04/24 20:06:22 [KITTEN] File not found: /tmp/music_preview.jpg
debug 2026/04/24 20:06:23 [KITTEN] File not found: /tmp/music_preview.jpg
debug 2026/04/24 20:06:23 [KITTEN] File not found: /tmp/music_preview.jpg
debug 2026/04/24 20:06:30 [KITTEN] File not found: /tmp/music_preview.jpg
debug 2026/04/24 20:06:30 [KITTEN] File not found: /tmp/music_preview.jpg
debug 2026/04/24 20:06:30 [KITTEN] File not found: /tmp/music_preview.jpg
debug 2026/04/24 20:06:30 [KITTEN] File not found: /tmp/music_preview.jpg
debug 2026/04/24 20:06:31 [KITTEN] File not found: /tmp/music_preview.jpg
debug 2026/04/24 20:06:31 [KITTEN] File not found: /tmp/music_preview.jpg
debug 2026/04/24 20:06:31 [KITTEN] File not found: /tmp/music_preview.jpg
debug 2026/04/24 20:06:31 [KITTEN] File not found: /tmp/music_preview.jpg
debug 2026/04/24 20:06:32 [KITTEN] File not found: /tmp/music_preview.jpg
debug 2026/04/24 20:06:32 [KITTEN] File not found: /tmp/music_preview.jpg
debug 2026/04/24 20:06:32 [KITTEN] File not found: /tmp/music_preview.jpg
debug 2026/04/24 20:06:32 [KITTEN] File not found: /tmp/music_preview.jpg
debug 2026/04/24 20:06:32 [KITTEN] File not found: /tmp/music_preview.jpg
debug 2026/04/24 20:06:33 [KITTEN] File not found: /tmp/music_preview.jpg
debug 2026/04/24 20:06:33 [KITTEN] File not found: /tmp/music_preview.jpg
debug 2026/04/24 20:06:35 [KITTEN] File not found: /tmp/music_preview.jpg
debug 2026/04/24 20:06:35 [KITTEN] File not found: /tmp/music_preview.jpg
debug 2026/04/24 20:06:39 [KITTEN] File not found: /tmp/music_preview.jpg
debug 2026/04/24 20:06:39 [KITTEN] File not found: /tmp/music_preview.jpg
debug 2026/04/24 20:06:39 [KITTEN] File not found: /tmp/music_preview.jpg
debug 2026/04/24 20:06:39 [KITTEN] File not found: /tmp/music_preview.jpg
debug 2026/04/24 20:06:40 [KITTEN] File not found: /tmp/music_preview.jpg
debug 2026/04/24 20:06:40 [KITTEN] File not found: /tmp/music_preview.jpg
debug 2026/04/24 20:06:40 [KITTEN] File not found: /tmp/music_preview.jpg
debug 2026/04/24 20:06:40 [KITTEN] File not found: /tmp/music_preview.jpg
debug 2026/04/24 20:06:41 [KITTEN] File not found: /tmp/music_preview.jpg
debug 2026/04/24 20:06:41 [KITTEN] File not found: /tmp/music_preview.jpg
debug 2026/04/24 20:06:41 [KITTEN] File not found: /tmp/music_preview.jpg
debug 2026/04/24 20:06:41 [KITTEN] File not found: /tmp/music_preview.jpg
debug 2026/04/24 20:06:41 [KITTEN] File not found: /tmp/music_preview.jpg
debug 2026/04/24 20:06:41 [KITTEN] File not found: /tmp/music_preview.jpg
debug 2026/04/24 20:06:42 [KITTEN] File not found: /tmp/music_preview.jpg
debug 2026/04/24 20:06:42 [KITTEN] File not found: /tmp/music_preview.jpg
debug 2026/04/24 23:07:30 [SYS] Initializing TUI Session
debug 2026/04/24 23:07:40 [KITTEN] File not found: /tmp/music_preview.jpg
debug 2026/04/24 23:07:40 [KITTEN] File not found: /tmp/music_preview.jpg
debug 2026/04/24 23:07:40 [KITTEN] File not found: /tmp/music_preview.jpg
debug 2026/04/24 23:07:41 [KITTEN] File not found: /tmp/music_preview.jpg
debug 2026/04/24 23:07:41 [KITTEN] File not found: /tmp/music_preview.jpg
debug 2026/04/24 23:07:41 [KITTEN] File not found: /tmp/music_preview.jpg
debug 2026/04/24 23:07:42 [KITTEN] File not found: /tmp/music_preview.jpg
debug 2026/04/24 23:07:42 [KITTEN] File not found: /tmp/music_preview.jpg
debug 2026/04/24 23:07:42 [KITTEN] File not found: /tmp/music_preview.jpg
debug 2026/04/24 23:07:46 [KITTEN] File not found: /tmp/music_preview.jpg
debug 2026/04/24 23:07:47 [KITTEN] File not found: /tmp/music_preview.jpg
debug 2026/04/24 23:07:47 [KITTEN] File not found: /tmp/music_preview.jpg
debug 2026/04/24 23:07:47 [KITTEN] File not found: /tmp/music_preview.jpg
debug 2026/04/24 23:07:47 [KITTEN] File not found: /tmp/music_preview.jpg
debug 2026/04/24 23:07:47 [KITTEN] File not found: /tmp/music_preview.jpg
debug 2026/04/24 23:07:48 [KITTEN] File not found: /tmp/music_preview.jpg
debug 2026/04/24 23:07:48 [KITTEN] File not found: /tmp/music_preview.jpg
debug 2026/04/24 23:07:48 [KITTEN] File not found: /tmp/music_preview.jpg
debug 2026/04/24 23:07:49 [KITTEN] File not found: /tmp/music_preview.jpg
debug 2026/04/24 23:07:49 [KITTEN] File not found: /tmp/music_preview.jpg
debug 2026/04/24 23:07:50 [KITTEN] File not found: /tmp/music_preview.jpg
debug 2026/04/24 23:07:50 [KITTEN] File not found: /tmp/music_preview.jpg
debug 2026/04/24 23:07:50 [KITTEN] File not found: /tmp/music_preview.jpg
debug 2026/04/24 23:07:51 [KITTEN] File not found: /tmp/music_preview.jpg
debug 2026/04/24 23:07:51 [KITTEN] File not found: /tmp/music_preview.jpg
debug 2026/04/24 23:07:52 [KITTEN] File not found: /tmp/music_preview.jpg
debug 2026/04/24 23:07:52 [KITTEN] File not found: /tmp/music_preview.jpg
debug 2026/04/24 23:07:52 [KITTEN] File not found: /tmp/music_preview.jpg
debug 2026/04/24 23:07:52 [KITTEN] File not found: /tmp/music_preview.jpg
debug 2026/04/24 23:07:53 [KITTEN] File not found: /tmp/music_preview.jpg
debug 2026/04/24 23:07:53 [KITTEN] File not found: /tmp/music_preview.jpg
debug 2026/04/24 23:07:53 [KITTEN] File not found: /tmp/music_preview.jpg
debug 2026/04/24 23:07:53 [KITTEN] File not found: /tmp/music_preview.jpg
debug 2026/04/24 23:07:53 [KITTEN] File not found: /tmp/music_preview.jpg
debug 2026/04/24 23:07:55 [KITTEN] File not found: /tmp/music_preview.jpg
debug 2026/04/24 23:07:55 [KITTEN] File not found: /tmp/music_preview.jpg
debug 2026/04/24 23:08:01 [KITTEN] File not found: /tmp/music_preview.jpg
debug 2026/04/24 23:08:01 [KITTEN] File not found: /tmp/music_preview.jpg
debug 2026/04/24 23:08:09 [KITTEN] File not found: /tmp/music_preview.jpg
debug 2026/04/24 23:08:26 [KITTEN] File not found: /tmp/music_preview.jpg
debug 2026/04/24 23:08:27 [KITTEN] File not found: /tmp/music_preview.jpg
debug 2026/04/24 23:08:28 [KITTEN] File not found: /tmp/music_preview.jpg
debug 2026/04/24 23:08:29 [KITTEN] File not found: /tmp/music_preview.jpg
debug 2026/04/24 23:08:29 [KITTEN] File not found: /tmp/music_preview.jpg
debug 2026/04/24 23:08:30 [KITTEN] File not found: /tmp/music_preview.jpg
debug 2026/04/24 23:08:30 [KITTEN] File not found: /tmp/music_preview.jpg
debug 2026/04/24 23:08:30 [KITTEN] File not found: /tmp/music_preview.jpg
debug 2026/04/24 23:08:31 [KITTEN] File not found: /tmp/music_preview.jpg
debug 2026/04/24 23:08:31 [KITTEN] File not found: /tmp/music_preview.jpg
debug 2026/04/24 23:08:32 [KITTEN] File not found: /tmp/music_preview.jpg
debug 2026/04/24 23:09:22 [KITTEN] File not found: /tmp/music_preview.jpg
debug 2026/04/24 23:21:32 [SYS] Initializing TUI Session
debug 2026/04/24 23:22:35 [SYS] Initializing TUI Session
debug 2026/04/24 23:23:17 [SYS] Initializing TUI Session
debug 2026/04/24 23:23:25 [KITTEN] File not found: /tmp/music_preview.jpg
debug 2026/04/24 23:23:26 [KITTEN] File not found: /tmp/music_preview.jpg
debug 2026/04/24 23:23:33 [KITTEN] File not found: /tmp/music_preview.jpg
debug 2026/04/24 23:23:33 [KITTEN] File not found: /tmp/music_preview.jpg
debug 2026/04/24 23:23:33 [KITTEN] File not found: /tmp/music_preview.jpg
debug 2026/04/24 23:23:33 [KITTEN] File not found: /tmp/music_preview.jpg
debug 2026/04/24 23:23:34 [KITTEN] File not found: /tmp/music_preview.jpg
debug 2026/04/24 23:23:34 [KITTEN] File not found: /tmp/music_preview.jpg
debug 2026/04/24 23:23:34 [KITTEN] File not found: /tmp/music_preview.jpg
debug 2026/04/24 23:23:34 [KITTEN] File not found: /tmp/music_preview.jpg
debug 2026/04/24 23:23:35 [KITTEN] File not found: /tmp/music_preview.jpg
debug 2026/04/24 23:23:35 [KITTEN] File not found: /tmp/music_preview.jpg
debug 2026/04/24 23:23:35 [KITTEN] File not found: /tmp/music_preview.jpg
debug 2026/04/24 23:23:35 [KITTEN] File not found: /tmp/music_preview.jpg
debug 2026/04/24 23:23:36 [KITTEN] File not found: /tmp/music_preview.jpg
debug 2026/04/24 23:23:36 [KITTEN] File not found: /tmp/music_preview.jpg
debug 2026/04/24 23:23:36 [KITTEN] File not found: /tmp/music_preview.jpg
debug 2026/04/24 23:23:36 [KITTEN] File not found: /tmp/music_preview.jpg
debug 2026/04/24 23:23:37 [KITTEN] File not found: /tmp/music_preview.jpg
debug 2026/04/24 23:23:37 [KITTEN] File not found: /tmp/music_preview.jpg
debug 2026/04/24 23:23:37 [KITTEN] File not found: /tmp/music_preview.jpg
debug 2026/04/24 23:23:37 [KITTEN] File not found: /tmp/music_preview.jpg
debug 2026/04/24 23:23:37 [KITTEN] File not found: /tmp/music_preview.jpg
debug 2026/04/24 23:23:38 [KITTEN] File not found: /tmp/music_preview.jpg
debug 2026/04/24 23:23:39 [KITTEN] File not found: /tmp/music_preview.jpg
debug 2026/04/24 23:23:40 [KITTEN] File not found: /tmp/music_preview.jpg
debug 2026/04/24 23:23:47 [INFO] All downloads complete
debug 2026/04/24 23:24:00 [KITTEN] File not found: /tmp/music_preview.jpg
debug 2026/04/24 23:24:00 [KITTEN] File not found: /tmp/music_preview.jpg
debug 2026/04/24 23:24:05 [INFO] All downloads complete
debug 2026/04/24 23:24:38 [SYS] Initializing TUI Session
debug 2026/04/24 23:24:46 [KITTEN] File not found: /tmp/music_preview.jpg
debug 2026/04/24 23:24:46 [KITTEN] File not found: /tmp/music_preview.jpg
debug 2026/04/24 23:24:51 [INFO] All downloads complete
debug 2026/04/24 23:31:50 [SYS] Initializing TUI Session
debug 2026/04/24 23:32:03 [INFO] All downloads complete
debug 2026/04/24 23:32:09 [INFO] All downloads complete
debug 2026/04/24 23:35:34 [SYS] Initializing TUI Session
debug 2026/04/24 23:35:47 [INFO] All downloads complete
debug 2026/04/24 23:36:07 [INFO] All downloads complete
debug 2026/04/24 23:36:08 [KITTEN] File not found: /tmp/music_preview.jpg
debug 2026/04/24 23:36:28 [KITTEN] File not found: /tmp/music_preview.jpg
debug 2026/04/24 23:36:29 [KITTEN] File not found: /tmp/music_preview.jpg
debug 2026/04/24 23:36:44 [KITTEN] File not found: /tmp/music_preview.jpg
debug 2026/04/25 00:01:18 [SYS] Initializing TUI Session
debug 2026/04/25 00:01:27 [KITTEN] File not found: /tmp/music_preview.jpg
debug 2026/04/25 00:01:27 [KITTEN] File not found: /tmp/music_preview.jpg
debug 2026/04/25 00:01:27 [KITTEN] File not found: /tmp/music_preview.jpg
debug 2026/04/25 00:01:27 [KITTEN] File not found: /tmp/music_preview.jpg
debug 2026/04/25 00:01:28 [KITTEN] File not found: /tmp/music_preview.jpg
debug 2026/04/25 00:01:28 [KITTEN] File not found: /tmp/music_preview.jpg
debug 2026/04/25 00:01:42 [INFO] All downloads complete
debug 2026/04/25 00:02:11 [KITTEN] File not found: /tmp/music_preview.jpg
debug 2026/04/25 00:02:37 [KITTEN] File not found: /tmp/music_preview.jpg
debug 2026/04/25 00:02:39 [KITTEN] File not found: /tmp/music_preview.jpg
debug 2026/04/25 00:02:55 [KITTEN] File not found: /tmp/music_preview.jpg
debug 2026/04/25 00:05:03 [SYS] Initializing TUI Session
debug 2026/04/25 00:05:22 [KITTEN] File not found: /tmp/music_preview.jpg
debug 2026/04/25 00:05:26 [KITTEN] File not found: /tmp/music_preview.jpg
debug 2026/04/25 00:05:37 [INFO] All downloads complete
debug 2026/04/25 00:06:17 [KITTEN] File not found: /tmp/music_preview.jpg
debug 2026/04/25 00:06:22 [KITTEN] File not found: /tmp/music_preview.jpg
debug 2026/04/25 00:06:59 [INFO] All downloads complete
debug 2026/04/25 00:07:03 [KITTEN] File not found: /tmp/music_preview.jpg
debug 2026/04/25 00:07:20 [KITTEN] File not found: /tmp/music_preview.jpg
debug 2026/04/25 00:48:57 [SYS] Initializing TUI Session
debug 2026/04/25 00:49:29 [INFO] All downloads complete
debug 2026/04/25 00:56:47 [SYS] Initializing TUI Session
debug 2026/04/25 00:57:06 [INFO] All downloads complete
debug 2026/04/25 01:00:51 [SYS] Initializing TUI Session
debug 2026/04/25 01:01:34 [INFO] All downloads complete
debug 2026/04/25 01:01:44 [SYS] Initializing TUI Session
debug 2026/04/25 01:01:59 [INFO] All downloads complete
debug 2026/04/25 01:05:32 [SYS] Initializing TUI Session
debug 2026/04/25 01:05:47 [INFO] All downloads complete
debug 2026/04/25 01:06:17 [SYS] Initializing TUI Session
debug 2026/04/25 01:06:50 [INFO] All downloads complete
debug 2026/04/25 01:23:03 [SYS] Initializing TUI Session
debug 2026/04/25 01:26:58 [SYS] Initializing TUI Session
debug 2026/04/25 01:27:46 [SYS] Initializing TUI Session
debug 2026/04/25 01:28:30 [INFO] All downloads complete
debug 2026/04/25 01:28:44 [KITTEN] File not found: /tmp/music_preview.jpg
debug 2026/04/25 01:29:34 [KITTEN] File not found: /tmp/music_preview.jpg
debug 2026/04/25 01:31:09 [SYS] Initializing TUI Session
debug 2026/04/25 01:31:30 [INFO] All downloads complete
debug 2026/04/25 01:43:12 [SYS] Initializing TUI Session
debug 2026/04/25 01:43:42 [INFO] All downloads complete
debug 2026/05/26 23:38:39 [SYS] Initializing TUI Session
debug 2026/05/26 23:40:02 [INFO] All downloads complete
debug 2026/05/26 23:46:28 [SYS] Initializing TUI Session
debug 2026/05/26 23:48:05 [INFO] All downloads complete
debug 2026/05/26 23:52:47 [SYS] Initializing TUI Session
debug 2026/05/26 23:54:30 [INFO] All downloads complete
debug 2026/05/26 23:58:34 [SYS] Initializing TUI Session
debug 2026/05/27 00:00:30 [INFO] All downloads complete
debug 2026/06/02 19:24:20 [SYS] Initializing TUI Session
debug 2026/06/02 19:26:21 [INFO] All downloads complete
debug 2026/07/11 15:05:20 [SYS] Initializing TUI Session
debug 2026/07/11 15:31:50 [SYS] Initializing TUI Session
debug 2026/07/11 15:57:25 [SYS] Initializing TUI Session
debug 2026/07/11 16:06:16 [SYS] Initializing TUI Session
debug 2026/07/11 16:06:37 [PREVIEW] skip fetch for SUjD_nwooTg: url="https://i.ytimg.com/vi/SUjD_nwooTg/maxresdefault.jpg" inFlight=true
debug 2026/07/11 16:06:38 [PREVIEW] skip fetch for VjyL1Re1_iI: url="https://i.ytimg.com/vi/VjyL1Re1_iI/maxresdefault.jpg" inFlight=true
debug 2026/07/11 16:06:40 [PREVIEW] skip fetch for GJXun4AXU6I: url="https://i.ytimg.com/vi/GJXun4AXU6I/maxresdefault.jpg" inFlight=true
debug 2026/07/11 16:06:41 [PREVIEW] skip fetch for oGne7EF9W-I: url="https://i.ytimg.com/vi/oGne7EF9W-I/maxresdefault.jpg" inFlight=true
debug 2026/07/11 16:06:41 [PREVIEW] skip fetch for IQPmIxzt5j4: url="https://i.ytimg.com/vi/IQPmIxzt5j4/maxresdefault.jpg" inFlight=true
debug 2026/07/11 16:06:42 [PREVIEW] skip fetch for 8Lm9elm0GQU: url="https://i.ytimg.com/vi/8Lm9elm0GQU/maxresdefault.jpg" inFlight=true
debug 2026/07/11 16:06:42 [PREVIEW] skip fetch for OB1ZNklvOkk: url="https://i.ytimg.com/vi/OB1ZNklvOkk/maxresdefault.jpg" inFlight=true
debug 2026/07/11 16:06:42 [PREVIEW] skip fetch for DlnKgTzEfRs: url="https://i.ytimg.com/vi/DlnKgTzEfRs/maxresdefault.jpg" inFlight=true
debug 2026/07/11 16:06:43 [PREVIEW] skip fetch for GpNmN6VXTTg: url="https://i.ytimg.com/vi/GpNmN6VXTTg/maxresdefault.jpg" inFlight=true
debug 2026/07/11 16:06:45 [PREVIEW] DlnKgTzEfRs already cached on disk
debug 2026/07/11 16:06:45 [PREVIEW] OB1ZNklvOkk already cached on disk
debug 2026/07/11 16:06:48 [PREVIEW] 8Lm9elm0GQU already cached on disk
debug 2026/07/11 16:06:48 [PREVIEW] IQPmIxzt5j4 already cached on disk
debug 2026/07/11 16:06:48 [PREVIEW] oGne7EF9W-I already cached on disk
debug 2026/07/11 16:06:49 [PREVIEW] GJXun4AXU6I already cached on disk
debug 2026/07/11 16:06:49 [PREVIEW] VjyL1Re1_iI already cached on disk
debug 2026/07/11 16:06:50 [PREVIEW] SUjD_nwooTg already cached on disk
debug 2026/07/11 16:06:50 [PREVIEW] WIGilAUVeq0 already cached on disk
debug 2026/09/12 20:10:17 [SYS] Initializing TUI Session
debug 2026/09/12 20:21:47 [SYS] Initializing TUI Session
debug 2026/09/12 20:22:01 [PREVIEW] render failed for MJz4tQfueoU: image: unknown format
debug 2026/09/12 20:24:15 [SYS] Initializing TUI Session
debug 2026/09/12 20:25:37 [SYS] Initializing TUI Session
WARNING: [youtube] No title found in player responses; falling back to title from initial data. Other metadata may also be missing
ERROR: [youtube] WG44AjhK6SY: Please sign in. Use --cookies-from-browser or --cookies for the authentication. See  https://github.com/yt-dlp/yt-dlp/wiki/FAQ#how-do-i-pass-cookies-to-yt-dlp  for how to manually pass cookies. Also see  https://github.com/yt-dlp/yt-dlp/wiki/Extractors#exporting-youtube-cookies  for tips on effectively exporting YouTube cookies
debug 2026/09/12 20:30:58 Download job 0 failed: exit status 1
debug 2026/09/12 20:32:20 [SYS] Initializing TUI Session
debug 2026/09/12 20:33:00 [SYS] Initializing TUI Session
debug 2026/09/12 20:33:37 [SYS] Initializing TUI Session
debug 2026/09/12 20:36:43 [SYS] Initializing TUI Session
debug 2026/09/12 20:39:40 [SYS] Initializing TUI Session
debug 2026/09/12 20:46:21 [SYS] Initializing TUI Session
debug 2026/09/12 20:56:32 [SYS] Initializing TUI Session
debug 2026/09/12 21:00:49 [SYS] Initializing TUI Session
debug 2026/09/12 21:01:23 [SYS] Initializing TUI Session
debug 2026/09/12 21:02:13 [SYS] Initializing TUI Session
debug 2026/09/12 21:02:34 [SYS] Initializing TUI Session
debug 2026/09/12 21:02:59 [SYS] Initializing TUI Session
debug 2026/09/12 21:03:20 [SYS] Initializing TUI Session
debug 2026/09/12 21:03:43 [SYS] Initializing TUI Session
debug 2026/09/12 21:04:20 [SYS] Initializing TUI Session
debug 2026/09/12 21:04:58 [SYS] Initializing TUI Session
debug 2026/09/12 21:05:17 [SYS] Initializing TUI Session
debug 2026/09/12 21:05:34 [SYS] Initializing TUI Session
debug 2026/09/12 21:05:58 [SYS] Initializing TUI Session
debug 2026/09/12 21:06:13 [SYS] Initializing TUI Session
debug 2026/09/12 21:06:29 [SYS] Initializing TUI Session
debug 2026/09/12 21:06:43 [SYS] Initializing TUI Session
debug 2026/09/12 21:06:55 [SYS] Initializing TUI Session
debug 2026/09/12 21:07:07 [SYS] Initializing TUI Session
debug 2026/09/12 21:07:33 [SYS] Initializing TUI Session
debug 2026/09/12 21:08:19 [SYS] Initializing TUI Session
debug 2026/09/12 21:13:18 [SYS] Initializing TUI Session
debug 2026/09/12 21:13:40 [SYS] Initializing TUI Session
debug 2026/09/12 21:15:18 [SYS] Initializing TUI Session
debug 2026/09/12 21:16:53 [SYS] Initializing TUI Session
debug 2026/09/12 21:23:50 [SYS] Initializing TUI Session
debug 2026/09/12 21:25:29 [SYS] Initializing TUI Session
debug 2026/09/12 21:25:47 [SYS] Initializing TUI Session
debug 2026/09/12 21:26:12 [SYS] Initializing TUI Session
debug 2026/09/12 21:30:11 [SYS] Initializing TUI Session
debug 2026/09/12 21:32:31 [SYS] Initializing TUI Session
debug 2026/09/12 21:57:32 [SYS] Initializing TUI Session
debug 2026/09/12 22:02:11 [SYS] Initializing TUI Session
debug 2026/09/12 22:04:05 [SYS] Initializing TUI Session
debug 2026/09/12 22:07:20 [SYS] Initializing TUI Session
debug 2026/09/12 22:10:51 [SYS] Initializing TUI Session
